// Vitest Snapshot v1, https://vitest.dev/guide/snapshot.html

exports[`schema > Snapshot 1`] = `
"<div>
  <form><input placeholder="Your First and Second Name" name="name" minlength="8" maxlength="80" type="text" value="" schematype="string" label="" description="" required="required"><input placeholder="Enter your email" autocomplete="off" name="email" minlength="8" maxlength="120" type="text" value="" schematype="string" label="" description="" required="required"><input type="password" placeholder="Enter your password" autocomplete="off" name="password" minlength="8" maxlength="120" value="" schematype="string" label="" description="" required="required"><label name="termsAccepted" type="checkbox" schematype="boolean" label="I accept the terms of use" description="" required="required"><span data-required-field="true">I accept the terms of use</span><input name="termsAccepted" type="checkbox" value="" schematype="boolean" label="I accept the terms of use" description="" required="required"></label><label><button type="submit" label="Submit">Submit</button></label></form>
</div>"
`;
